19:06:17 **** Build of configuration Debug for project EBAZ4205_TCP_Server ****
make all 
'Building file: ../src/DDS.cpp'
'Invoking: ARM v7 Linux g++ compiler'
arm-linux-gnueabihf-g++ -Wall -O0 -g3 -c -fmessage-length=0 -MT"src/DDS.o" -MMD -MP -MF"src/DDS.d" -MT"src/DDS.o" -o "src/DDS.o" "../src/DDS.cpp"
'Finished building: ../src/DDS.cpp'
' '
'Building file: ../src/IP_Driver.cpp'
'Invoking: ARM v7 Linux g++ compiler'
arm-linux-gnueabihf-g++ -Wall -O0 -g3 -c -fmessage-length=0 -MT"src/IP_Driver.o" -MMD -MP -MF"src/IP_Driver.d" -MT"src/IP_Driver.o" -o "src/IP_Driver.o" "../src/IP_Driver.cpp"
'Finished building: ../src/IP_Driver.cpp'
' '
'Building file: ../src/MUX.cpp'
'Invoking: ARM v7 Linux g++ compiler'
arm-linux-gnueabihf-g++ -Wall -O0 -g3 -c -fmessage-length=0 -MT"src/MUX.o" -MMD -MP -MF"src/MUX.d" -MT"src/MUX.o" -o "src/MUX.o" "../src/MUX.cpp"
'Finished building: ../src/MUX.cpp'
' '
'Building file: ../src/data_capture.cpp'
'Invoking: ARM v7 Linux g++ compiler'
arm-linux-gnueabihf-g++ -Wall -O0 -g3 -c -fmessage-length=0 -MT"src/data_capture.o" -MMD -MP -MF"src/data_capture.d" -MT"src/data_capture.o" -o "src/data_capture.o" "../src/data_capture.cpp"
'Finished building: ../src/data_capture.cpp'
' '
'Building file: ../src/main.cpp'
'Invoking: ARM v7 Linux g++ compiler'
arm-linux-gnueabihf-g++ -Wall -O0 -g3 -c -fmessage-length=0 -MT"src/main.o" -MMD -MP -MF"src/main.d" -MT"src/main.o" -o "src/main.o" "../src/main.cpp"
'Finished building: ../src/main.cpp'
' '
'Building target: EBAZ4205_TCP_Server.elf'
'Invoking: ARM v7 Linux g++ linker'
arm-linux-gnueabihf-g++  -o "EBAZ4205_TCP_Server.elf"  ./src/DDS.o ./src/IP_Driver.o ./src/MUX.o ./src/data_capture.o ./src/main.o   
'Finished building target: EBAZ4205_TCP_Server.elf'
' '
'Invoking: ARM v7 Linux Print Size'
arm-linux-gnueabihf-size EBAZ4205_TCP_Server.elf  |tee "EBAZ4205_TCP_Server.elf.size"
   text	   data	    bss	    dec	    hex	filename
  13069	    536	     40	  13645	   354d	EBAZ4205_TCP_Server.elf
'Finished building: EBAZ4205_TCP_Server.elf.size'
' '

19:06:20 Build Finished (took 2s.596ms)

