#-----------------------------------------------------------
# Vivado v2022.2 (64-bit)
# SW Build 3671981 on Fri Oct 14 04:59:54 MDT 2022
# IP Build 3669848 on Fri Oct 14 08:30:02 MDT 2022
# Start of session at: Sat Feb 18 17:57:17 2023
# Process ID: 817757
# Current directory: /media/guido/Acer/EBAZ4205_SDR_HDMI_PS2/Vivado/Vivado.runs/ebaz4205_rst_ENET0_GMII_RX_CLK_0_100M_0_synth_1
# Command line: vivado -log ebaz4205_rst_ENET0_GMII_RX_CLK_0_100M_0.vds -product Vivado -mode batch -messageDb vivado.pb -notrace -source ebaz4205_rst_ENET0_GMII_RX_CLK_0_100M_0.tcl
# Log file: /media/guido/Acer/EBAZ4205_SDR_HDMI_PS2/Vivado/Vivado.runs/ebaz4205_rst_ENET0_GMII_RX_CLK_0_100M_0_synth_1/ebaz4205_rst_ENET0_GMII_RX_CLK_0_100M_0.vds
# Journal file: /media/guido/Acer/EBAZ4205_SDR_HDMI_PS2/Vivado/Vivado.runs/ebaz4205_rst_ENET0_GMII_RX_CLK_0_100M_0_synth_1/vivado.jou
# Running On: guido-UM690, OS: Linux, CPU Frequency: 3937.208 MHz, CPU Physical cores: 16, Host memory: 31270 MB
#-----------------------------------------------------------
source ebaz4205_rst_ENET0_GMII_RX_CLK_0_100M_0.tcl -notrace
